localhost:3333
localhost:3333/database/